========================================================
RELATÓRIO MENSAL DE PRESTAÇÃO DE SERVIÇOS DE INFORMÁTICA
Conforme estipulado em contrato mensal de prestação de serviços na área de informática, segue abaixo o relatório de manutenções preventivas e corretivas realizadas no mês de julho de 2025:

Em 07-2025 o SWAP pôde ser limpo com sucesso: Sistema com desempenho dentro da normalidade!


Atualizando o sistema!

Hit:1 http://archive.ubuntu.com/ubuntu noble InRelease
Hit:2 http://security.ubuntu.com/ubuntu noble-security InRelease
Hit:3 http://archive.ubuntu.com/ubuntu noble-updates InRelease
Hit:4 http://archive.ubuntu.com/ubuntu noble-backports InRelease
Hit:5 https://packages.mozilla.org/apt mozilla InRelease
Hit:6 https://esm.ubuntu.com/apps/ubuntu noble-apps-updates InRelease
Hit:7 https://esm.ubuntu.com/apps/ubuntu noble-apps-security InRelease
Hit:8 https://esm.ubuntu.com/infra/ubuntu noble-infra-updates InRelease
Hit:9 https://esm.ubuntu.com/infra/ubuntu noble-infra-security InRelease
Reading package lists...
Building dependency tree...
Reading state information...
1 package can be upgraded. Run 'apt list --upgradable' to see it.
Reading package lists...
Building dependency tree...
Reading state information...
Calculating upgrade...
The following package was automatically installed and is no longer required:
  squashfs-tools
Use 'sudo apt autoremove' to remove it.
The following upgrades have been deferred due to phasing:
  libpciaccess0
0 upgraded, 0 newly installed, 0 to remove and 1 not upgraded.
Reading package lists...
Building dependency tree...
Reading state information...
The following packages will be REMOVED:
  squashfs-tools
0 upgraded, 0 newly installed, 1 to remove and 1 not upgraded.
After this operation, 484 kB disk space will be freed.
(Reading database ... (Reading database ... 5%(Reading database ... 10%(Reading database ... 15%(Reading database ... 20%(Reading database ... 25%(Reading database ... 30%(Reading database ... 35%(Reading database ... 40%(Reading database ... 45%(Reading database ... 50%(Reading database ... 55%(Reading database ... 60%(Reading database ... 65%(Reading database ... 70%(Reading database ... 75%(Reading database ... 80%(Reading database ... 85%(Reading database ... 90%(Reading database ... 95%(Reading database ... 100%(Reading database ... 150034 files and directories currently installed.)
Removing squashfs-tools (1:4.6.1-1build1) ...
Processing triggers for man-db (2.12.0-4build2) ...

Em 07-2025 o sistema do servidor foi atualizado e está em dia com a segurança digital.


############################################################################
Armazenamento: /dev/sda

Model Family:     Phison Driven SSDs
Device Model:     KINGSTON SA400S37960G
Serial Number:    50026B7785CD7329

smartctl 7.4 2023-08-01 r5530 [x86_64-linux-6.8.0-62-generic] (local build)
Copyright (C) 2002-23, Bruce Allen, Christian Franke, www.smartmontools.org

=== START OF READ SMART DATA SECTION ===
SMART Attributes Data Structure revision number: 16
Vendor Specific SMART Attributes with Thresholds:
ID# ATTRIBUTE_NAME          FLAG     VALUE WORST THRESH TYPE      UPDATED  WHEN_FAILED RAW_VALUE
  1 Raw_Read_Error_Rate     0x0032   100   100   000    Old_age   Always       -       0
  9 Power_On_Hours          0x0032   100   100   000    Old_age   Always       -       2473
 12 Power_Cycle_Count       0x0032   100   100   000    Old_age   Always       -       5
148 Unknown_Attribute       0x0000   100   100   000    Old_age   Offline      -       0
149 Unknown_Attribute       0x0000   100   100   000    Old_age   Offline      -       0
167 Write_Protect_Mode      0x0000   100   100   000    Old_age   Offline      -       0
168 SATA_Phy_Error_Count    0x0012   100   100   000    Old_age   Always       -       0
169 Bad_Block_Rate          0x0000   100   100   000    Old_age   Offline      -       6
170 Bad_Blk_Ct_Lat/Erl      0x0000   100   100   010    Old_age   Offline      -       0/9
172 Erase_Fail_Count        0x0032   100   100   000    Old_age   Always       -       0
173 MaxAvgErase_Ct          0x0000   100   100   000    Old_age   Offline      -       6 (Average 4)
181 Program_Fail_Count      0x0032   100   100   000    Old_age   Always       -       0
182 Erase_Fail_Count        0x0000   100   100   000    Old_age   Offline      -       0
187 Reported_Uncorrect      0x0032   100   100   000    Old_age   Always       -       0
192 Unsafe_Shutdown_Count   0x0012   100   100   000    Old_age   Always       -       2
194 Temperature_Celsius     0x0022   035   053   000    Old_age   Always       -       35 (Min/Max 23/53)
196 Reallocated_Event_Count 0x0032   100   100   000    Old_age   Always       -       0
199 SATA_CRC_Error_Count    0x0032   100   100   000    Old_age   Always       -       196748
218 CRC_Error_Count         0x0032   100   100   000    Old_age   Always       -       0
231 SSD_Life_Left           0x0000   100   100   000    Old_age   Offline      -       100
233 Flash_Writes_GiB        0x0032   100   100   000    Old_age   Always       -       3103
241 Lifetime_Writes_GiB     0x0032   100   100   000    Old_age   Always       -       1004
242 Lifetime_Reads_GiB      0x0032   100   100   000    Old_age   Always       -       2782
244 Average_Erase_Count     0x0000   100   100   000    Old_age   Offline      -       4
245 Max_Erase_Count         0x0000   100   100   000    Old_age   Offline      -       6
246 Total_Erase_Count       0x0000   100   100   000    Old_age   Offline      -       3219



############################################################################
Armazenamento: /dev/sdb

Model Family:     Toshiba P300 (CMR)
Device Model:     TOSHIBA HDWD110
Serial Number:    11FNT06FS

smartctl 7.4 2023-08-01 r5530 [x86_64-linux-6.8.0-62-generic] (local build)
Copyright (C) 2002-23, Bruce Allen, Christian Franke, www.smartmontools.org

=== START OF READ SMART DATA SECTION ===
SMART Attributes Data Structure revision number: 16
Vendor Specific SMART Attributes with Thresholds:
ID# ATTRIBUTE_NAME          FLAG     VALUE WORST THRESH TYPE      UPDATED  WHEN_FAILED RAW_VALUE
  1 Raw_Read_Error_Rate     0x000b   100   100   016    Pre-fail  Always       -       0
  2 Throughput_Performance  0x0005   142   142   054    Pre-fail  Offline      -       70
  3 Spin_Up_Time            0x0007   122   122   024    Pre-fail  Always       -       177 (Average 198)
  4 Start_Stop_Count        0x0012   100   100   000    Old_age   Always       -       82
  5 Reallocated_Sector_Ct   0x0033   100   100   005    Pre-fail  Always       -       0
  7 Seek_Error_Rate         0x000b   100   100   067    Pre-fail  Always       -       0
  8 Seek_Time_Performance   0x0005   113   113   020    Pre-fail  Offline      -       35
  9 Power_On_Hours          0x0012   097   097   000    Old_age   Always       -       24334
 10 Spin_Retry_Count        0x0013   100   100   060    Pre-fail  Always       -       0
 12 Power_Cycle_Count       0x0032   100   100   000    Old_age   Always       -       82
192 Power-Off_Retract_Count 0x0032   100   100   000    Old_age   Always       -       383
193 Load_Cycle_Count        0x0012   100   100   000    Old_age   Always       -       383
194 Temperature_Celsius     0x0002   150   150   000    Old_age   Always       -       40 (Min/Max 25/63)
196 Reallocated_Event_Count 0x0032   100   100   000    Old_age   Always       -       0
197 Current_Pending_Sector  0x0022   100   100   000    Old_age   Always       -       8
198 Offline_Uncorrectable   0x0008   100   100   000    Old_age   Offline      -       0
199 UDMA_CRC_Error_Count    0x000a   200   200   000    Old_age   Always       -       3



############################################################################
Armazenamento: /dev/sdc

Model Family:     Toshiba P300 (CMR)
Device Model:     TOSHIBA HDWD110
Serial Number:    11FNT0KFS

smartctl 7.4 2023-08-01 r5530 [x86_64-linux-6.8.0-62-generic] (local build)
Copyright (C) 2002-23, Bruce Allen, Christian Franke, www.smartmontools.org

=== START OF READ SMART DATA SECTION ===
SMART Attributes Data Structure revision number: 16
Vendor Specific SMART Attributes with Thresholds:
ID# ATTRIBUTE_NAME          FLAG     VALUE WORST THRESH TYPE      UPDATED  WHEN_FAILED RAW_VALUE
  1 Raw_Read_Error_Rate     0x000b   100   100   016    Pre-fail  Always       -       0
  2 Throughput_Performance  0x0005   143   143   054    Pre-fail  Offline      -       66
  3 Spin_Up_Time            0x0007   114   114   024    Pre-fail  Always       -       202 (Average 201)
  4 Start_Stop_Count        0x0012   100   100   000    Old_age   Always       -       292
  5 Reallocated_Sector_Ct   0x0033   100   100   005    Pre-fail  Always       -       0
  7 Seek_Error_Rate         0x000b   100   100   067    Pre-fail  Always       -       0
  8 Seek_Time_Performance   0x0005   115   115   020    Pre-fail  Offline      -       34
  9 Power_On_Hours          0x0012   096   096   000    Old_age   Always       -       29031
 10 Spin_Retry_Count        0x0013   100   100   060    Pre-fail  Always       -       0
 12 Power_Cycle_Count       0x0032   100   100   000    Old_age   Always       -       291
192 Power-Off_Retract_Count 0x0032   100   100   000    Old_age   Always       -       1045
193 Load_Cycle_Count        0x0012   100   100   000    Old_age   Always       -       1045
194 Temperature_Celsius     0x0002   146   146   000    Old_age   Always       -       41 (Min/Max 22/61)
196 Reallocated_Event_Count 0x0032   100   100   000    Old_age   Always       -       0
197 Current_Pending_Sector  0x0022   100   100   000    Old_age   Always       -       0
198 Offline_Uncorrectable   0x0008   100   100   000    Old_age   Offline      -       0
199 UDMA_CRC_Error_Count    0x000a   200   200   000    Old_age   Always       -       0



############################################################################
Armazenamento: /dev/sdd

Model Family:     Phison Driven SSDs
Device Model:     KINGSTON SA400S37960G
Serial Number:    50026B7785CD7A7C

smartctl 7.4 2023-08-01 r5530 [x86_64-linux-6.8.0-62-generic] (local build)
Copyright (C) 2002-23, Bruce Allen, Christian Franke, www.smartmontools.org

=== START OF READ SMART DATA SECTION ===
SMART Attributes Data Structure revision number: 16
Vendor Specific SMART Attributes with Thresholds:
ID# ATTRIBUTE_NAME          FLAG     VALUE WORST THRESH TYPE      UPDATED  WHEN_FAILED RAW_VALUE
  1 Raw_Read_Error_Rate     0x0032   100   100   000    Old_age   Always       -       0
  9 Power_On_Hours          0x0032   100   100   000    Old_age   Always       -       2507
 12 Power_Cycle_Count       0x0032   100   100   000    Old_age   Always       -       6
148 Unknown_Attribute       0x0000   100   100   000    Old_age   Offline      -       0
149 Unknown_Attribute       0x0000   100   100   000    Old_age   Offline      -       0
167 Write_Protect_Mode      0x0000   100   100   000    Old_age   Offline      -       0
168 SATA_Phy_Error_Count    0x0012   100   100   000    Old_age   Always       -       0
169 Bad_Block_Rate          0x0000   100   100   000    Old_age   Offline      -       5
170 Bad_Blk_Ct_Lat/Erl      0x0000   100   100   010    Old_age   Offline      -       0/7
172 Erase_Fail_Count        0x0032   100   100   000    Old_age   Always       -       0
173 MaxAvgErase_Ct          0x0000   100   100   000    Old_age   Offline      -       6 (Average 4)
181 Program_Fail_Count      0x0032   100   100   000    Old_age   Always       -       0
182 Erase_Fail_Count        0x0000   100   100   000    Old_age   Offline      -       0
187 Reported_Uncorrect      0x0032   100   100   000    Old_age   Always       -       0
192 Unsafe_Shutdown_Count   0x0012   100   100   000    Old_age   Always       -       3
194 Temperature_Celsius     0x0022   030   048   000    Old_age   Always       -       30 (Min/Max 24/48)
196 Reallocated_Event_Count 0x0032   100   100   000    Old_age   Always       -       0
199 SATA_CRC_Error_Count    0x0032   100   100   000    Old_age   Always       -       196748
218 CRC_Error_Count         0x0032   100   100   000    Old_age   Always       -       0
231 SSD_Life_Left           0x0000   100   100   000    Old_age   Offline      -       100
233 Flash_Writes_GiB        0x0032   100   100   000    Old_age   Always       -       3131
241 Lifetime_Writes_GiB     0x0032   100   100   000    Old_age   Always       -       1010
242 Lifetime_Reads_GiB      0x0032   100   100   000    Old_age   Always       -       2792
244 Average_Erase_Count     0x0000   100   100   000    Old_age   Offline      -       4
245 Max_Erase_Count         0x0000   100   100   000    Old_age   Offline      -       6
246 Total_Erase_Count       0x0000   100   100   000    Old_age   Offline      -       3278



############################################################################
Armazenamento: /dev/sde

Model Family:     Western Digital Blue
Device Model:     WDC WD10EZEX-00WN4A0
Serial Number:    WD-WCC6Y4AD1HC3

smartctl 7.4 2023-08-01 r5530 [x86_64-linux-6.8.0-62-generic] (local build)
Copyright (C) 2002-23, Bruce Allen, Christian Franke, www.smartmontools.org

=== START OF READ SMART DATA SECTION ===
SMART Attributes Data Structure revision number: 16
Vendor Specific SMART Attributes with Thresholds:
ID# ATTRIBUTE_NAME          FLAG     VALUE WORST THRESH TYPE      UPDATED  WHEN_FAILED RAW_VALUE
  1 Raw_Read_Error_Rate     0x002f   200   200   051    Pre-fail  Always       -       0
  3 Spin_Up_Time            0x0027   178   173   021    Pre-fail  Always       -       2066
  4 Start_Stop_Count        0x0032   080   080   000    Old_age   Always       -       20677
  5 Reallocated_Sector_Ct   0x0033   200   200   140    Pre-fail  Always       -       0
  7 Seek_Error_Rate         0x002e   200   200   000    Old_age   Always       -       0
  9 Power_On_Hours          0x0032   040   040   000    Old_age   Always       -       43919
 10 Spin_Retry_Count        0x0032   100   100   000    Old_age   Always       -       0
 11 Calibration_Retry_Count 0x0032   100   100   000    Old_age   Always       -       0
 12 Power_Cycle_Count       0x0032   100   100   000    Old_age   Always       -       258
192 Power-Off_Retract_Count 0x0032   200   200   000    Old_age   Always       -       163
193 Load_Cycle_Count        0x0032   178   178   000    Old_age   Always       -       67036
194 Temperature_Celsius     0x0022   100   081   000    Old_age   Always       -       43
196 Reallocated_Event_Count 0x0032   200   200   000    Old_age   Always       -       0
197 Current_Pending_Sector  0x0032   200   200   000    Old_age   Always       -       0
198 Offline_Uncorrectable   0x0030   200   200   000    Old_age   Offline      -       0
199 UDMA_CRC_Error_Count    0x0032   200   199   000    Old_age   Always       -       428
200 Multi_Zone_Error_Rate   0x0008   200   200   000    Old_age   Offline      -       0



############################################################################
Armazenamento: /dev/sdf

Model Family:     Western Digital Elements / My Passport (USB, AF)
Device Model:     WDC WD10JMVW-11AJGS4
Serial Number:    WD-WX61A16ENXJY

smartctl 7.4 2023-08-01 r5530 [x86_64-linux-6.8.0-62-generic] (local build)
Copyright (C) 2002-23, Bruce Allen, Christian Franke, www.smartmontools.org

=== START OF READ SMART DATA SECTION ===
SMART Attributes Data Structure revision number: 16
Vendor Specific SMART Attributes with Thresholds:
ID# ATTRIBUTE_NAME          FLAG     VALUE WORST THRESH TYPE      UPDATED  WHEN_FAILED RAW_VALUE
  1 Raw_Read_Error_Rate     0x002f   200   200   051    Pre-fail  Always       -       0
  3 Spin_Up_Time            0x0027   140   134   021    Pre-fail  Always       -       3966
  4 Start_Stop_Count        0x0032   100   100   000    Old_age   Always       -       456
  5 Reallocated_Sector_Ct   0x0033   200   200   140    Pre-fail  Always       -       0
  7 Seek_Error_Rate         0x002e   200   200   000    Old_age   Always       -       0
  9 Power_On_Hours          0x0032   076   076   000    Old_age   Always       -       18191
 10 Spin_Retry_Count        0x0032   100   100   000    Old_age   Always       -       0
 11 Calibration_Retry_Count 0x0032   100   100   000    Old_age   Always       -       0
 12 Power_Cycle_Count       0x0032   100   100   000    Old_age   Always       -       209
192 Power-Off_Retract_Count 0x0032   200   200   000    Old_age   Always       -       142
193 Load_Cycle_Count        0x0032   198   198   000    Old_age   Always       -       6284
194 Temperature_Celsius     0x0022   113   092   000    Old_age   Always       -       34
196 Reallocated_Event_Count 0x0032   200   200   000    Old_age   Always       -       0
197 Current_Pending_Sector  0x0032   200   200   000    Old_age   Always       -       0
198 Offline_Uncorrectable   0x0030   100   253   000    Old_age   Offline      -       0
199 UDMA_CRC_Error_Count    0x0032   200   200   000    Old_age   Always       -       0
200 Multi_Zone_Error_Rate   0x0008   100   253   000    Old_age   Offline      -       0



############################################################################
Armazenamento: /dev/sdg

Model Family:     Seagate BarraCuda 3.5 (CMR)
Device Model:     ST1000DM010-2EP102
Serial Number:    ZN1P3VGN

smartctl 7.4 2023-08-01 r5530 [x86_64-linux-6.8.0-62-generic] (local build)
Copyright (C) 2002-23, Bruce Allen, Christian Franke, www.smartmontools.org

=== START OF READ SMART DATA SECTION ===
SMART Attributes Data Structure revision number: 10
Vendor Specific SMART Attributes with Thresholds:
ID# ATTRIBUTE_NAME          FLAG     VALUE WORST THRESH TYPE      UPDATED  WHEN_FAILED RAW_VALUE
  1 Raw_Read_Error_Rate     0x000f   080   063   006    Pre-fail  Always       -       109291692
  3 Spin_Up_Time            0x0003   098   097   000    Pre-fail  Always       -       0
  4 Start_Stop_Count        0x0032   100   100   020    Old_age   Always       -       673
  5 Reallocated_Sector_Ct   0x0033   100   100   010    Pre-fail  Always       -       0
  7 Seek_Error_Rate         0x000f   078   060   045    Pre-fail  Always       -       83617674
  9 Power_On_Hours          0x0032   080   080   000    Old_age   Always       -       17639
 10 Spin_Retry_Count        0x0013   100   100   097    Pre-fail  Always       -       0
 12 Power_Cycle_Count       0x0032   100   100   020    Old_age   Always       -       672
183 Runtime_Bad_Block       0x0032   099   099   000    Old_age   Always       -       1
184 End-to-End_Error        0x0032   100   100   099    Old_age   Always       -       0
187 Reported_Uncorrect      0x0032   100   100   000    Old_age   Always       -       0
188 Command_Timeout         0x0032   100   100   000    Old_age   Always       -       0 0 0
189 High_Fly_Writes         0x003a   100   100   000    Old_age   Always       -       0
190 Airflow_Temperature_Cel 0x0022   059   041   040    Old_age   Always       -       41 (Min/Max 39/46)
193 Load_Cycle_Count        0x0032   100   100   000    Old_age   Always       -       1376
194 Temperature_Celsius     0x0022   041   021   000    Old_age   Always       -       41 (0 21 0 0 0)
195 Hardware_ECC_Recovered  0x001a   023   001   000    Old_age   Always       -       109291692
197 Current_Pending_Sector  0x0012   100   100   000    Old_age   Always       -       0
198 Offline_Uncorrectable   0x0010   100   100   000    Old_age   Offline      -       0
199 UDMA_CRC_Error_Count    0x003e   200   200   000    Old_age   Always       -       0
240 Head_Flying_Hours       0x0000   100   253   000    Old_age   Offline      -       12559h+06m+57.354s
241 Total_LBAs_Written      0x0000   100   253   000    Old_age   Offline      -       34247452954
242 Total_LBAs_Read         0x0000   100   253   000    Old_age   Offline      -       44705342286



############################################################################
Armazenamento: /dev/sdh

Device Model:     [No Information Found]
Serial Number:    [No Information Found]

smartctl 7.4 2023-08-01 r5530 [x86_64-linux-6.8.0-62-generic] (local build)
Copyright (C) 2002-23, Bruce Allen, Christian Franke, www.smartmontools.org

Read Device Identity failed: scsi error unsupported field in scsi command

If this is a USB connected device, look at the various --device=TYPE variants
SMART support is: Ambiguous - ATA IDENTIFY DEVICE words 82-83 don't show if SMART supported.
SMART support is: Ambiguous - ATA IDENTIFY DEVICE words 85-87 don't show if SMART is enabled.
A mandatory SMART command failed: exiting. To continue, add one or more '-T permissive' options.


############################################################################
Armazenamento: /dev/nvme0n1p1

Model Number:                       WDC PC SN530 SDBPNPZ-512G-1014
Serial Number:                      2118HR474305

smartctl 7.4 2023-08-01 r5530 [x86_64-linux-6.8.0-62-generic] (local build)
Copyright (C) 2002-23, Bruce Allen, Christian Franke, www.smartmontools.org

=== START OF SMART DATA SECTION ===
SMART/Health Information (NVMe Log 0x02)
Critical Warning:                   0x00
Temperature:                        37 Celsius
Available Spare:                    100%
Available Spare Threshold:          10%
Percentage Used:                    3%
Data Units Read:                    43,215,681 [22.1 TB]
Data Units Written:                 37,319,346 [19.1 TB]
Host Read Commands:                 588,645,207
Host Write Commands:                619,361,323
Controller Busy Time:               1,840
Power Cycles:                       2,063
Power On Hours:                     3,293
Unsafe Shutdowns:                   43
Media and Data Integrity Errors:    0
Error Information Log Entries:      111
Warning  Comp. Temperature Time:    0
Critical Comp. Temperature Time:    0



############################################################################
Armazenamento: /dev/nvme0n1p2

Model Number:                       WDC PC SN530 SDBPNPZ-512G-1014
Serial Number:                      2118HR474305

smartctl 7.4 2023-08-01 r5530 [x86_64-linux-6.8.0-62-generic] (local build)
Copyright (C) 2002-23, Bruce Allen, Christian Franke, www.smartmontools.org

=== START OF SMART DATA SECTION ===
SMART/Health Information (NVMe Log 0x02)
Critical Warning:                   0x00
Temperature:                        37 Celsius
Available Spare:                    100%
Available Spare Threshold:          10%
Percentage Used:                    3%
Data Units Read:                    43,215,681 [22.1 TB]
Data Units Written:                 37,319,346 [19.1 TB]
Host Read Commands:                 588,645,207
Host Write Commands:                619,361,323
Controller Busy Time:               1,840
Power Cycles:                       2,063
Power On Hours:                     3,293
Unsafe Shutdowns:                   43
Media and Data Integrity Errors:    0
Error Information Log Entries:      111
Warning  Comp. Temperature Time:    0
Critical Comp. Temperature Time:    0



Verificacao concluida em 07-2025!
Em 07-2025 foi realizada a verificação da saúde dos discos rígidos. Mais informações no anexo SMART_DUMP no e-mail!

Checking 3856 objects
Checked 3856 objects (0 errors)

Em 07-2025 foi realizada a verificação da integridade do Controlador de Domínio.



Starting Nmap 7.94SVN ( https://nmap.org ) at 2025-06-30 19:03 -03
Pre-scan script results:
| broadcast-avahi-dos: 
|   Discovered hosts:
|     224.0.0.251
|   After NULL UDP avahi packet DoS (CVE-2011-1002).
|_  Hosts are all up (not vulnerable).
Nmap scan report for dominio.macvlan (172.20.0.40)
Host is up (0.000021s latency).
Not shown: 65519 closed tcp ports (reset)
PORT      STATE SERVICE
53/tcp    open  domain
80/tcp    open  http
|_http-stored-xss: Couldn't find any stored XSS vulnerabilities.
|_http-csrf: Couldn't find any CSRF vulnerabilities.
|_http-dombased-xss: Couldn't find any DOM based XSS.
88/tcp    open  kerberos-sec
135/tcp   open  msrpc
139/tcp   open  netbios-ssn
389/tcp   open  ldap
443/tcp   open  https
|_http-stored-xss: Couldn't find any stored XSS vulnerabilities.
|_http-dombased-xss: Couldn't find any DOM based XSS.
|_http-csrf: Couldn't find any CSRF vulnerabilities.
|_ssl-ccs-injection: No reply from server (TIMEOUT)
445/tcp   open  microsoft-ds
464/tcp   open  kpasswd5
631/tcp   open  ipp
| http-enum: 
|   /admin.php: Possible admin folder (401 Unauthorized)
|   /admin/: Possible admin folder (401 Unauthorized)
|   /admin/admin/: Possible admin folder (401 Unauthorized)
|   /administrator/: Possible admin folder (401 Unauthorized)
|   /adminarea/: Possible admin folder (401 Unauthorized)
|   /adminLogin/: Possible admin folder (401 Unauthorized)
|   /admin_area/: Possible admin folder (401 Unauthorized)
|   /administratorlogin/: Possible admin folder (401 Unauthorized)
|   /admin/account.php: Possible admin folder (401 Unauthorized)
|   /admin/index.php: Possible admin folder (401 Unauthorized)
|   /admin/admin.php: Possible admin folder (401 Unauthorized)
|   /admin_area/admin.php: Possible admin folder (401 Unauthorized)
|   /admin_area/login.php: Possible admin folder (401 Unauthorized)
|   /admin/index.html: Possible admin folder (401 Unauthorized)
|   /admin/admin.html: Possible admin folder (401 Unauthorized)
|   /admin_area/index.php: Possible admin folder (401 Unauthorized)
|   /admin/home.php: Possible admin folder (401 Unauthorized)
|   /admin_area/login.html: Possible admin folder (401 Unauthorized)
|   /admin_area/index.html: Possible admin folder (401 Unauthorized)
|   /admin/controlpanel.php: Possible admin folder (401 Unauthorized)
|   /admincp/: Possible admin folder (401 Unauthorized)
|   /admincp/index.asp: Possible admin folder (401 Unauthorized)
|   /admincp/index.html: Possible admin folder (401 Unauthorized)
|   /admincp/login.php: Possible admin folder (401 Unauthorized)
|   /admin/account.html: Possible admin folder (401 Unauthorized)
|   /adminpanel.html: Possible admin folder (401 Unauthorized)
|   /admin/admin_login.html: Possible admin folder (401 Unauthorized)
|   /admin_login.html: Possible admin folder (401 Unauthorized)
|   /admin/cp.php: Possible admin folder (401 Unauthorized)
|   /administrator/index.php: Possible admin folder (401 Unauthorized)
|   /administrator/login.php: Possible admin folder (401 Unauthorized)
|   /admin/admin_login.php: Possible admin folder (401 Unauthorized)
|   /admin_login.php: Possible admin folder (401 Unauthorized)
|   /administrator/account.php: Possible admin folder (401 Unauthorized)
|   /administrator.php: Possible admin folder (401 Unauthorized)
|   /admin_area/admin.html: Possible admin folder (401 Unauthorized)
|   /admin/admin-login.php: Possible admin folder (401 Unauthorized)
|   /admin-login.php: Possible admin folder (401 Unauthorized)
|   /admin/home.html: Possible admin folder (401 Unauthorized)
|   /admin/admin-login.html: Possible admin folder (401 Unauthorized)
|   /admin-login.html: Possible admin folder (401 Unauthorized)
|   /admincontrol.php: Possible admin folder (401 Unauthorized)
|   /admin/adminLogin.html: Possible admin folder (401 Unauthorized)
|   /adminLogin.html: Possible admin folder (401 Unauthorized)
|   /adminarea/index.html: Possible admin folder (401 Unauthorized)
|   /adminarea/admin.html: Possible admin folder (401 Unauthorized)
|   /admin/controlpanel.html: Possible admin folder (401 Unauthorized)
|   /admin.html: Possible admin folder (401 Unauthorized)
|   /admin/cp.html: Possible admin folder (401 Unauthorized)
|   /adminpanel.php: Possible admin folder (401 Unauthorized)
|   /administrator/index.html: Possible admin folder (401 Unauthorized)
|   /administrator/login.html: Possible admin folder (401 Unauthorized)
|   /administrator/account.html: Possible admin folder (401 Unauthorized)
|   /administrator.html: Possible admin folder (401 Unauthorized)
|   /adminarea/login.html: Possible admin folder (401 Unauthorized)
|   /admincontrol/login.html: Possible admin folder (401 Unauthorized)
|   /admincontrol.html: Possible admin folder (401 Unauthorized)
|   /adminLogin.php: Possible admin folder (401 Unauthorized)
|   /admin/adminLogin.php: Possible admin folder (401 Unauthorized)
|   /adminarea/index.php: Possible admin folder (401 Unauthorized)
|   /adminarea/admin.php: Possible admin folder (401 Unauthorized)
|   /adminarea/login.php: Possible admin folder (401 Unauthorized)
|   /admincontrol/login.php: Possible admin folder (401 Unauthorized)
|   /admin2.php: Possible admin folder (401 Unauthorized)
|   /admin2/login.php: Possible admin folder (401 Unauthorized)
|   /admin2/index.php: Possible admin folder (401 Unauthorized)
|   /administratorlogin.php: Possible admin folder (401 Unauthorized)
|   /admin/account.cfm: Possible admin folder (401 Unauthorized)
|   /admin/index.cfm: Possible admin folder (401 Unauthorized)
|   /admin/admin.cfm: Possible admin folder (401 Unauthorized)
|   /admin.cfm: Possible admin folder (401 Unauthorized)
|   /admin/admin_login.cfm: Possible admin folder (401 Unauthorized)
|   /admin_login.cfm: Possible admin folder (401 Unauthorized)
|   /adminpanel.cfm: Possible admin folder (401 Unauthorized)
|   /admin/controlpanel.cfm: Possible admin folder (401 Unauthorized)
|   /admincontrol.cfm: Possible admin folder (401 Unauthorized)
|   /admin/cp.cfm: Possible admin folder (401 Unauthorized)
|   /admincp/index.cfm: Possible admin folder (401 Unauthorized)
|   /admincp/login.cfm: Possible admin folder (401 Unauthorized)
|   /admin_area/admin.cfm: Possible admin folder (401 Unauthorized)
|   /admin_area/login.cfm: Possible admin folder (401 Unauthorized)
|   /administrator/login.cfm: Possible admin folder (401 Unauthorized)
|   /administratorlogin.cfm: Possible admin folder (401 Unauthorized)
|   /administrator.cfm: Possible admin folder (401 Unauthorized)
|   /administrator/account.cfm: Possible admin folder (401 Unauthorized)
|   /adminLogin.cfm: Possible admin folder (401 Unauthorized)
|   /admin2/index.cfm: Possible admin folder (401 Unauthorized)
|   /admin_area/index.cfm: Possible admin folder (401 Unauthorized)
|   /admin2/login.cfm: Possible admin folder (401 Unauthorized)
|   /admincontrol/login.cfm: Possible admin folder (401 Unauthorized)
|   /administrator/index.cfm: Possible admin folder (401 Unauthorized)
|   /adminarea/login.cfm: Possible admin folder (401 Unauthorized)
|   /adminarea/admin.cfm: Possible admin folder (401 Unauthorized)
|   /adminarea/index.cfm: Possible admin folder (401 Unauthorized)
|   /admin/adminLogin.cfm: Possible admin folder (401 Unauthorized)
|   /admin-login.cfm: Possible admin folder (401 Unauthorized)
|   /admin/admin-login.cfm: Possible admin folder (401 Unauthorized)
|   /admin/home.cfm: Possible admin folder (401 Unauthorized)
|   /admin/account.asp: Possible admin folder (401 Unauthorized)
|   /admin/index.asp: Possible admin folder (401 Unauthorized)
|   /admin/admin.asp: Possible admin folder (401 Unauthorized)
|   /admin_area/admin.asp: Possible admin folder (401 Unauthorized)
|   /admin_area/login.asp: Possible admin folder (401 Unauthorized)
|   /admin_area/index.asp: Possible admin folder (401 Unauthorized)
|   /admin/home.asp: Possible admin folder (401 Unauthorized)
|   /admin/controlpanel.asp: Possible admin folder (401 Unauthorized)
|   /admin.asp: Possible admin folder (401 Unauthorized)
|   /admin/admin-login.asp: Possible admin folder (401 Unauthorized)
|   /admin-login.asp: Possible admin folder (401 Unauthorized)
|   /admin/cp.asp: Possible admin folder (401 Unauthorized)
|   /administrator/account.asp: Possible admin folder (401 Unauthorized)
|   /administrator.asp: Possible admin folder (401 Unauthorized)
|   /administrator/login.asp: Possible admin folder (401 Unauthorized)
|   /admincp/login.asp: Possible admin folder (401 Unauthorized)
|   /admincontrol.asp: Possible admin folder (401 Unauthorized)
|   /adminpanel.asp: Possible admin folder (401 Unauthorized)
|   /admin/admin_login.asp: Possible admin folder (401 Unauthorized)
|   /admin_login.asp: Possible admin folder (401 Unauthorized)
|   /adminLogin.asp: Possible admin folder (401 Unauthorized)
|   /admin/adminLogin.asp: Possible admin folder (401 Unauthorized)
|   /adminarea/index.asp: Possible admin folder (401 Unauthorized)
|   /adminarea/admin.asp: Possible admin folder (401 Unauthorized)
|   /adminarea/login.asp: Possible admin folder (401 Unauthorized)
|   /administrator/index.asp: Possible admin folder (401 Unauthorized)
|   /admincontrol/login.asp: Possible admin folder (401 Unauthorized)
|   /admin2.asp: Possible admin folder (401 Unauthorized)
|   /admin2/login.asp: Possible admin folder (401 Unauthorized)
|   /admin2/index.asp: Possible admin folder (401 Unauthorized)
|   /administratorlogin.asp: Possible admin folder (401 Unauthorized)
|   /admin/account.aspx: Possible admin folder (401 Unauthorized)
|   /admin/index.aspx: Possible admin folder (401 Unauthorized)
|   /admin/admin.aspx: Possible admin folder (401 Unauthorized)
|   /admin_area/admin.aspx: Possible admin folder (401 Unauthorized)
|   /admin_area/login.aspx: Possible admin folder (401 Unauthorized)
|   /admin_area/index.aspx: Possible admin folder (401 Unauthorized)
|   /admin/home.aspx: Possible admin folder (401 Unauthorized)
|   /admin/controlpanel.aspx: Possible admin folder (401 Unauthorized)
|   /admin.aspx: Possible admin folder (401 Unauthorized)
|   /admin/admin-login.aspx: Possible admin folder (401 Unauthorized)
|   /admin-login.aspx: Possible admin folder (401 Unauthorized)
|   /admin/cp.aspx: Possible admin folder (401 Unauthorized)
|   /administrator/account.aspx: Possible admin folder (401 Unauthorized)
|   /administrator.aspx: Possible admin folder (401 Unauthorized)
|   /administrator/login.aspx: Possible admin folder (401 Unauthorized)
|   /admincp/index.aspx: Possible admin folder (401 Unauthorized)
|   /admincp/login.aspx: Possible admin folder (401 Unauthorized)
|   /admincontrol.aspx: Possible admin folder (401 Unauthorized)
|   /adminpanel.aspx: Possible admin folder (401 Unauthorized)
|   /admin/admin_login.aspx: Possible admin folder (401 Unauthorized)
|   /admin_login.aspx: Possible admin folder (401 Unauthorized)
|   /adminLogin.aspx: Possible admin folder (401 Unauthorized)
|   /admin/adminLogin.aspx: Possible admin folder (401 Unauthorized)
|   /adminarea/index.aspx: Possible admin folder (401 Unauthorized)
|   /adminarea/admin.aspx: Possible admin folder (401 Unauthorized)
|   /adminarea/login.aspx: Possible admin folder (401 Unauthorized)
|   /administrator/index.aspx: Possible admin folder (401 Unauthorized)
|   /admincontrol/login.aspx: Possible admin folder (401 Unauthorized)
|   /admin2.aspx: Possible admin folder (401 Unauthorized)
|   /admin2/login.aspx: Possible admin folder (401 Unauthorized)
|   /admin2/index.aspx: Possible admin folder (401 Unauthorized)
|   /administratorlogin.aspx: Possible admin folder (401 Unauthorized)
|   /admin/index.jsp: Possible admin folder (401 Unauthorized)
|   /admin/admin.jsp: Possible admin folder (401 Unauthorized)
|   /admin_area/admin.jsp: Possible admin folder (401 Unauthorized)
|   /admin_area/login.jsp: Possible admin folder (401 Unauthorized)
|   /admin_area/index.jsp: Possible admin folder (401 Unauthorized)
|   /admin/home.jsp: Possible admin folder (401 Unauthorized)
|   /admin/controlpanel.jsp: Possible admin folder (401 Unauthorized)
|   /admin.jsp: Possible admin folder (401 Unauthorized)
|   /admin/admin-login.jsp: Possible admin folder (401 Unauthorized)
|   /admin-login.jsp: Possible admin folder (401 Unauthorized)
|   /admin/cp.jsp: Possible admin folder (401 Unauthorized)
|   /administrator/account.jsp: Possible admin folder (401 Unauthorized)
|   /administrator.jsp: Possible admin folder (401 Unauthorized)
|   /administrator/login.jsp: Possible admin folder (401 Unauthorized)
|   /admincp/index.jsp: Possible admin folder (401 Unauthorized)
|   /admincp/login.jsp: Possible admin folder (401 Unauthorized)
|   /admincontrol.jsp: Possible admin folder (401 Unauthorized)
|   /admin/account.jsp: Possible admin folder (401 Unauthorized)
|   /adminpanel.jsp: Possible admin folder (401 Unauthorized)
|   /admin/admin_login.jsp: Possible admin folder (401 Unauthorized)
|   /admin_login.jsp: Possible admin folder (401 Unauthorized)
|   /adminLogin.jsp: Possible admin folder (401 Unauthorized)
|   /admin/adminLogin.jsp: Possible admin folder (401 Unauthorized)
|   /adminarea/index.jsp: Possible admin folder (401 Unauthorized)
|   /adminarea/admin.jsp: Possible admin folder (401 Unauthorized)
|   /adminarea/login.jsp: Possible admin folder (401 Unauthorized)
|   /administrator/index.jsp: Possible admin folder (401 Unauthorized)
|   /admincontrol/login.jsp: Possible admin folder (401 Unauthorized)
|   /admin2.jsp: Possible admin folder (401 Unauthorized)
|   /admin2/login.jsp: Possible admin folder (401 Unauthorized)
|   /admin2/index.jsp: Possible admin folder (401 Unauthorized)
|   /administratorlogin.jsp: Possible admin folder (401 Unauthorized)
|   /admin1.php: Possible admin folder (401 Unauthorized)
|   /administr8.asp: Possible admin folder (401 Unauthorized)
|   /administr8.php: Possible admin folder (401 Unauthorized)
|   /administr8.jsp: Possible admin folder (401 Unauthorized)
|   /administr8.aspx: Possible admin folder (401 Unauthorized)
|   /administr8.cfm: Possible admin folder (401 Unauthorized)
|   /administr8/: Possible admin folder (401 Unauthorized)
|   /administer/: Possible admin folder (401 Unauthorized)
|   /administracao.php: Possible admin folder (401 Unauthorized)
|   /administracao.asp: Possible admin folder (401 Unauthorized)
|   /administracao.aspx: Possible admin folder (401 Unauthorized)
|   /administracao.cfm: Possible admin folder (401 Unauthorized)
|   /administracao.jsp: Possible admin folder (401 Unauthorized)
|   /administracion.php: Possible admin folder (401 Unauthorized)
|   /administracion.asp: Possible admin folder (401 Unauthorized)
|   /administracion.aspx: Possible admin folder (401 Unauthorized)
|   /administracion.jsp: Possible admin folder (401 Unauthorized)
|   /administracion.cfm: Possible admin folder (401 Unauthorized)
|   /administrators/: Possible admin folder (401 Unauthorized)
|   /adminpro/: Possible admin folder (401 Unauthorized)
|   /admins/: Possible admin folder (401 Unauthorized)
|   /admins.cfm: Possible admin folder (401 Unauthorized)
|   /admins.php: Possible admin folder (401 Unauthorized)
|   /admins.jsp: Possible admin folder (401 Unauthorized)
|   /admins.asp: Possible admin folder (401 Unauthorized)
|   /admins.aspx: Possible admin folder (401 Unauthorized)
|   /administracion-sistema/: Possible admin folder (401 Unauthorized)
|   /admin108/: Possible admin folder (401 Unauthorized)
|   /admin_cp.asp: Possible admin folder (401 Unauthorized)
|   /admin/backup/: Possible backup (401 Unauthorized)
|   /admin/download/backup.sql: Possible database backup (401 Unauthorized)
|   /robots.txt: Robots file
|   /admin/upload.php: Admin File Upload (401 Unauthorized)
|   /admin/CiscoAdmin.jhtml: Cisco Collaboration Server (401 Unauthorized)
|   /admin-console/: JBoss Console (401 Unauthorized)
|   /admin4.nsf: Lotus Domino (401 Unauthorized)
|   /admin5.nsf: Lotus Domino (401 Unauthorized)
|   /admin.nsf: Lotus Domino (401 Unauthorized)
|   /administrator/wp-login.php: Wordpress login page. (401 Unauthorized)
|   /admin/libraries/ajaxfilemanager/ajaxfilemanager.php: Log1 CMS (401 Unauthorized)
|   /admin/view/javascript/fckeditor/editor/filemanager/connectors/test.html: OpenCart/FCKeditor File upload (401 Unauthorized)
|   /admin/includes/tiny_mce/plugins/tinybrowser/upload.php: CompactCMS or B-Hind CMS/FCKeditor File upload (401 Unauthorized)
|   /admin/includes/FCKeditor/editor/filemanager/upload/test.html: ASP Simple Blog / FCKeditor File Upload (401 Unauthorized)
|   /admin/jscript/upload.php: Lizard Cart/Remote File upload (401 Unauthorized)
|   /admin/jscript/upload.html: Lizard Cart/Remote File upload (401 Unauthorized)
|   /admin/jscript/upload.pl: Lizard Cart/Remote File upload (401 Unauthorized)
|   /admin/jscript/upload.asp: Lizard Cart/Remote File upload (401 Unauthorized)
|   /admin/environment.xml: Moodle files (401 Unauthorized)
|   /classes/: Potentially interesting folder
|   /es/: Potentially interesting folder
|   /help/: Potentially interesting folder
|_  /printers/: Potentially interesting folder
|_http-aspnet-debug: ERROR: Script execution failed (use -d to debug)
| http-method-tamper: 
|   VULNERABLE:
|   Authentication bypass by HTTP verb tampering
|     State: VULNERABLE (Exploitable)
|       This web server contains password protected resources vulnerable to authentication bypass
|       vulnerabilities via HTTP verb tampering. This is often found in web servers that only limit access to the
|        common HTTP methods and in misconfigured .htaccess files.
|              
|     Extra information:
|       
|   URIs suspected to be vulnerable to HTTP verb tampering:
|     /admin [HEAD]
|   
|     References:
|       http://www.imperva.com/resources/glossary/http_verb_tampering.html
|       http://capec.mitre.org/data/definitions/274.html
|       https://www.owasp.org/index.php/Testing_for_HTTP_Methods_and_XST_%28OWASP-CM-008%29
|_      http://www.mkit.com.ar/labs/htexploit/
636/tcp   open  ldapssl
3268/tcp  open  globalcatLDAP
3269/tcp  open  globalcatLDAPssl
49152/tcp open  unknown
49153/tcp open  unknown
49154/tcp open  unknown
MAC Address: 02:42:AC:14:00:28 (Unknown)

Host script results:
|_samba-vuln-cve-2012-1182: Could not negotiate a connection:SMB: ERROR: Server returned less data than it was supposed to (one or more fields are missing); aborting [9]
|_smb-vuln-ms10-054: false
|_smb-vuln-ms10-061: Could not negotiate a connection:SMB: ERROR: Server returned less data than it was supposed to (one or more fields are missing); aborting [9]

Nmap done: 1 IP address (1 host up) scanned in 160.07 seconds

Em 07-2025 nenhum novo equipamento vulnerável detectado na rede. Por enquanto nenhum equipamento cujos testes sejam pertinentes de serem notificados.


/srv/containers/dominio/log/syslog


/srv/containers/particular/log/syslog


Em 07-2025 foi realizada a verificação da integridade dos Logs de Eventos das pastas da rede e dos registros de uso dos compartilhamentos.


Checando armazenamento geral!

Filesystem      Size  Used Avail Use% Mounted on
tmpfs           3.2G  6.3M  3.2G   1% /run
/dev/nvme0n1p2  469G  132G  337G  29% /
tmpfs            16G     0   16G   0% /dev/shm
tmpfs           5.0M     0  5.0M   0% /run/lock
tmpfs            16G  112K   16G   1% /tmp
tmpfs            16G     0   16G   0% /var/tmp
/dev/md0        1.8T  563G  1.2T  32% /mnt/md0
/dev/sdf        917G  202G  716G  22% /mnt/games
/dev/sdg        916G  241G  676G  27% /mnt/multimedia-bkp
/dev/sde        916G  241G  676G  27% /mnt/multimedia
/dev/md1        1.8T  669G  1.2T  37% /mnt/md1
/dev/sdh        1.8T  563G  1.3T  31% /mnt/externo
tmpfs           3.2G   32K  3.2G   1% /run/user/1000

DUMP de RSnapshots (se existente)!

Jun 30 12:00:01 olympus CRON[1081077]: (root) CMD (/usr/bin/rsnapshot -c /srv/containers/scripts/rsnapshot-particular.conf alpha)
Jun 30 12:01:22 olympus rsnapshot[1081707]: /usr/bin/rsnapshot -c /srv/containers/scripts/rsnapshot-particular.conf alpha: completed successfully
Jun 30 18:00:01 olympus CRON[1114264]: (root) CMD (/usr/bin/rsnapshot -c /srv/containers/scripts/rsnapshot-particular.conf alpha)
Jun 30 18:01:06 olympus rsnapshot[1114762]: /usr/bin/rsnapshot -c /srv/containers/scripts/rsnapshot-particular.conf alpha: completed successfully
Jun 30 19:30:01 olympus CRON[1122766]: (root) CMD (/usr/bin/rsnapshot -c /srv/containers/scripts/rsnapshot-particular.conf beta)
Jun 30 19:30:01 olympus rsnapshot[1122799]: /usr/bin/rsnapshot -c /srv/containers/scripts/rsnapshot-particular.conf beta: completed successfully
Jul 01 10:08:31 olympus python3[1259726]: ansible-ansible.legacy.command Invoked with _raw_params=dpkg -l rsnapshot _uses_shell=False expand_argument_vars=True stdin_add_newline=True strip_empty_ends=True argv=None chdir=None executable=None creates=None removes=None stdin=None

DUMP de RSYNC (se existente)!

Jun 29 04:00:01 olympus CRON[892206]: (root) CMD (rsync --delete -aHAXv /mnt/multimedia/ /mnt/multimedia-bkp/)
Jun 30 02:00:01 olympus CRON[1013222]: (root) CMD (rsync --delete -aHAXv /mnt/md0/Nextcloud/ /mnt/md1/Nextcloud/)
Jun 30 03:00:01 olympus CRON[1034415]: (root) CMD (rsync --delete -aHAXv /mnt/md0/ /mnt/externo/)
Jun 30 04:00:01 olympus CRON[1039363]: (root) CMD (rsync --delete -aHAXv /mnt/multimedia/ /mnt/multimedia-bkp/)
Jul 01 02:00:01 olympus CRON[1160564]: (root) CMD (rsync --delete -aHAXv /mnt/md0/Nextcloud/ /mnt/md1/Nextcloud/)
Jul 01 03:00:01 olympus CRON[1183841]: (root) CMD (rsync --delete -aHAXv /mnt/md0/ /mnt/externo/)
Jul 01 04:00:01 olympus CRON[1190871]: (root) CMD (rsync --delete -aHAXv /mnt/multimedia/ /mnt/multimedia-bkp/)

DUMP do RClone (se existente)!

Jul 01 10:08:31 olympus python3[1259750]: ansible-ansible.legacy.command Invoked with _raw_params=dpkg -l rclone _uses_shell=False expand_argument_vars=True stdin_add_newline=True strip_empty_ends=True argv=None chdir=None executable=None creates=None removes=None stdin=None

Checando backups dos containers!

total 11G
drwxrwxrwx+  3 administrador administrador 4.0K Jul  1 02:01 .
drwxrwxrwx  42 administrador administrador 4.0K Jun 25 23:48 ..
-rw-rw-rw-+  1 root          root           47K Jul  1 02:00 apache2-chat-01_07_25.tar.lz4
-rwxrwxrwx+  1 root          root           47K Jun 29 02:00 apache2-chat-29_06_25.tar.lz4
-rwxrwxrwx+  1 root          root           47K Jun 30 02:00 apache2-chat-30_06_25.tar.lz4
-rw-rw-rw-+  1 root          root           189 Jul  1 02:00 apache2-generic-01_07_25.tar.lz4
-rwxrwxrwx+  1 root          root           189 Jun 29 02:00 apache2-generic-29_06_25.tar.lz4
-rwxrwxrwx+  1 root          root           189 Jun 30 02:00 apache2-generic-30_06_25.tar.lz4
-rw-rw-rw-+  1 root          root           25M Jul  1 02:00 chromium-browser-01_07_25.tar.lz4
-rwxrwxrwx+  1 root          root           25M Jun 29 02:00 chromium-browser-29_06_25.tar.lz4
-rwxrwxrwx+  1 root          root           25M Jun 30 02:00 chromium-browser-30_06_25.tar.lz4
-rw-rw-rw-+  1 root          root           44M Jul  1 02:00 cloud-syncthing-01_07_25.tar.lz4
-rwxrwxrwx+  1 root          root           44M Jun 29 02:00 cloud-syncthing-29_06_25.tar.lz4
-rwxrwxrwx+  1 root          root           44M Jun 30 02:00 cloud-syncthing-30_06_25.tar.lz4
drwxrwxrwx+  2 root          root          4.0K May 23  2024 config
-rw-rw-rw-+  1 root          root          3.4M Jul  1 02:00 dominio-01_07_25.tar.lz4
-rwxrwxrwx+  1 root          root          3.4M Jun 29 02:00 dominio-29_06_25.tar.lz4
-rwxrwxrwx+  1 root          root          3.4M Jun 30 02:00 dominio-30_06_25.tar.lz4
-rw-rw-rw-+  1 root          root          2.6K Jul  1 02:00 file-browser-01_07_25.tar.lz4
-rwxrwxrwx+  1 root          root          2.6K Jun 29 02:00 file-browser-29_06_25.tar.lz4
-rwxrwxrwx+  1 root          root          2.6K Jun 30 02:00 file-browser-30_06_25.tar.lz4
-rw-rw-rw-+  1 root          root          518M Jul  1 02:00 jellyfin-01_07_25.tar.lz4
-rwxrwxrwx+  1 root          root          518M Jun 29 02:00 jellyfin-29_06_25.tar.lz4
-rwxrwxrwx+  1 root          root          518M Jun 30 02:00 jellyfin-30_06_25.tar.lz4
-rw-rw-rw-+  1 root          root          296M Jul  1 02:00 luanti-server-01_07_25.tar.lz4
-rwxrwxrwx+  1 root          root          295M Jun 29 02:00 luanti-server-29_06_25.tar.lz4
-rwxrwxrwx+  1 root          root          295M Jun 30 02:00 luanti-server-30_06_25.tar.lz4
-rw-rw-rw-+  1 root          root           87K Jul  1 02:00 myspeed-tracker-01_07_25.tar.lz4
-rwxrwxrwx+  1 root          root           87K Jun 29 02:00 myspeed-tracker-29_06_25.tar.lz4
-rwxrwxrwx+  1 root          root           81K Jun 30 02:00 myspeed-tracker-30_06_25.tar.lz4
-rw-rw-rw-+  1 root          root           20M Jul  1 02:00 mysql-statping-01_07_25.tar.lz4
-rwxrwxrwx+  1 root          root           20M Jun 29 02:00 mysql-statping-29_06_25.tar.lz4
-rwxrwxrwx+  1 root          root           20M Jun 30 02:00 mysql-statping-30_06_25.tar.lz4
-rw-rw-rw-+  1 root          root           35K Jul  1 02:00 nextcloud-01_07_25.tar.lz4
-rwxrwxrwx+  1 root          root           35K Jun 29 02:00 nextcloud-29_06_25.tar.lz4
-rwxrwxrwx+  1 root          root           35K Jun 30 02:00 nextcloud-30_06_25.tar.lz4
-rw-rw-rw-+  1 root          root          445M Jul  1 02:00 nextcloud-mysql-01_07_25.tar.lz4
-rwxrwxrwx+  1 root          root          449M Jun 29 02:00 nextcloud-mysql-29_06_25.tar.lz4
-rwxrwxrwx+  1 root          root          446M Jun 30 02:00 nextcloud-mysql-30_06_25.tar.lz4
-rw-rw-rw-+  1 root          root           23M Jul  1 02:00 onlyoffice-01_07_25.tar.lz4
-rwxrwxrwx+  1 root          root           23M Jun 29 02:00 onlyoffice-29_06_25.tar.lz4
-rwxrwxrwx+  1 root          root           23M Jun 30 02:00 onlyoffice-30_06_25.tar.lz4
-rw-rw-rw-+  1 root          root           311 Jul  1 02:00 openspeedtest-01_07_25.tar.lz4
-rwxrwxrwx+  1 root          root           234 Jun 29 02:00 openspeedtest-29_06_25.tar.lz4
-rwxrwxrwx+  1 root          root           234 Jun 30 02:00 openspeedtest-30_06_25.tar.lz4
-rw-rw-rw-+  1 root          root           19M Jul  1 02:00 particular-01_07_25.tar.lz4
-rwxrwxrwx+  1 root          root           19M Jun 29 02:00 particular-29_06_25.tar.lz4
-rwxrwxrwx+  1 root          root           19M Jun 30 02:00 particular-30_06_25.tar.lz4
-rw-rw-rw-+  1 root          root           15M Jul  1 02:00 particular-syncthing-01_07_25.tar.lz4
-rwxrwxrwx+  1 root          root           14M Jun 29 02:00 particular-syncthing-29_06_25.tar.lz4
-rwxrwxrwx+  1 root          root           15M Jun 30 02:00 particular-syncthing-30_06_25.tar.lz4
-rw-rw-rw-+  1 root          root          683K Jul  1 02:00 pentest-01_07_25.tar.lz4
-rwxrwxrwx+  1 root          root          671K Jun 29 02:00 pentest-29_06_25.tar.lz4
-rwxrwxrwx+  1 root          root          697K Jun 30 02:00 pentest-30_06_25.tar.lz4
-rw-rw-rw-+  1 root          root           213 Jul  1 02:00 pihole-01_07_25.tar.lz4
-rwxrwxrwx+  1 root          root           213 Jun 29 02:00 pihole-29_06_25.tar.lz4
-rwxrwxrwx+  1 root          root           213 Jun 30 02:00 pihole-30_06_25.tar.lz4
-rw-rw-rw-+  1 root          root          824M Jul  1 02:00 pihole-particular-01_07_25.tar.lz4
-rwxrwxrwx+  1 root          root          816M Jun 29 02:00 pihole-particular-29_06_25.tar.lz4
-rwxrwxrwx+  1 root          root          822M Jun 30 02:00 pihole-particular-30_06_25.tar.lz4
-rw-rw-rw-+  1 root          root          1.4G Jul  1 02:01 pihole-vpn-01_07_25.tar.lz4
-rwxrwxrwx+  1 root          root          1.4G Jun 29 02:01 pihole-vpn-29_06_25.tar.lz4
-rwxrwxrwx+  1 root          root          1.4G Jun 30 02:01 pihole-vpn-30_06_25.tar.lz4
-rw-rw-rw-+  1 root          root          2.5M Jul  1 02:01 qdir-stat-01_07_25.tar.lz4
-rwxrwxrwx+  1 root          root          2.5M Jun 29 02:01 qdir-stat-29_06_25.tar.lz4
-rwxrwxrwx+  1 root          root          2.5M Jun 30 02:01 qdir-stat-30_06_25.tar.lz4
-rw-rw-rw-+  1 root          root          124K Jul  1 02:01 reverseproxy-01_07_25.tar.lz4
-rwxrwxrwx+  1 root          root          124K Jun 29 02:01 reverseproxy-29_06_25.tar.lz4
-rwxrwxrwx+  1 root          root          124K Jun 30 02:01 reverseproxy-30_06_25.tar.lz4
-rw-rw-rw-+  1 root          root           12K Jul  1 02:01 scripts-01_07_25.tar.lz4
-rwxrwxrwx+  1 root          root           12K Jun 29 02:01 scripts-29_06_25.tar.lz4
-rwxrwxrwx+  1 root          root           12K Jun 30 02:01 scripts-30_06_25.tar.lz4
-rw-rw-rw-+  1 root          root          1.2K Jul  1 02:01 script-server-01_07_25.tar.lz4
-rwxrwxrwx+  1 root          root          1.2K Jun 29 02:01 script-server-29_06_25.tar.lz4
-rwxrwxrwx+  1 root          root          1.2K Jun 30 02:01 script-server-30_06_25.tar.lz4
-rw-rw-rw-+  1 root          root          1.2M Jul  1 02:01 ssh-dw-01_07_25.tar.lz4
-rwxrwxrwx+  1 root          root          1.2M Jun 29 02:01 ssh-dw-29_06_25.tar.lz4
-rwxrwxrwx+  1 root          root          1.2M Jun 30 02:01 ssh-dw-30_06_25.tar.lz4
-rw-rw-rw-+  1 root          root           183 Jul  1 02:01 ssh-tunnel-01_07_25.tar.lz4
-rwxrwxrwx+  1 root          root           183 Jun 29 02:01 ssh-tunnel-29_06_25.tar.lz4
-rwxrwxrwx+  1 root          root           183 Jun 30 02:01 ssh-tunnel-30_06_25.tar.lz4
-rw-rw-rw-+  1 root          root           43K Jul  1 02:01 sshvpn-01_07_25.tar.lz4
-rwxrwxrwx+  1 root          root           43K Jun 29 02:01 sshvpn-29_06_25.tar.lz4
-rwxrwxrwx+  1 root          root           43K Jun 30 02:01 sshvpn-30_06_25.tar.lz4
-rw-rw-rw-+  1 root          root           266 Jul  1 02:01 syncthing-01_07_25.tar.lz4
-rwxrwxrwx+  1 root          root           266 Jun 29 02:01 syncthing-29_06_25.tar.lz4
-rwxrwxrwx+  1 root          root           266 Jun 30 02:01 syncthing-30_06_25.tar.lz4
-rw-rw-rw-+  1 root          root          1.5K Jul  1 02:01 syncthing-relay-01_07_25.tar.lz4
-rwxrwxrwx+  1 root          root          1.5K Jun 29 02:01 syncthing-relay-29_06_25.tar.lz4
-rwxrwxrwx+  1 root          root          1.5K Jun 30 02:01 syncthing-relay-30_06_25.tar.lz4
-rw-rw-rw-+  1 root          root          242K Jul  1 02:01 xpra-virt-manager-01_07_25.tar.lz4
-rwxrwxrwx+  1 root          root          242K Jun 29 02:01 xpra-virt-manager-29_06_25.tar.lz4
-rwxrwxrwx+  1 root          root          242K Jun 30 02:01 xpra-virt-manager-30_06_25.tar.lz4
Em 07-2025 foi realizada a verificação das rotinas de backup do servidor. O backup para a nuvem, se existente, também foi verificado.

Total reclaimed space: 0B

Em 07-2025 foi realizada a limpeza do sistema com remoção de pacotes e imagens obsoletas dos serviços, objetivando reduzir o consumo de armazenamento.

Em 07-2025 o SWAP pôde ser limpo com sucesso pela segunda vez para finalização da manutenção: Sistema com desempenho dentro da normalidade!

